npm warn Unknown env config "devdir". This will stop working in the next major version of npm. See `npm help npmrc` for supported config options.

> pi:filevine:extract:dense
> node scripts/pi-case-os/filevine-extract-frames.mjs --packs=pack2-taskflow-feed-reports,pack3-docgen,pack4-meds-treatment-tasks,pack8-demand-claims --interval=15 --force


→ 2017_8_11_FILEVINE_-_Creating_Taskflow_and_Updating_Excel_Sp_6683f2e33bcb
  video: /Users/ricardo/Desktop/CPP Training - Video Quarantine/2017.8.11 FILEVINE - Creating Taskflow and Updating Excel Spreadsheet.mp4
  duration: 381s · interval: 15s · ~26 frames
  out: /Users/ricardo/Expedia Solutions/PraxiumLaw/training-archive/van-law-the case system/2017_8_11_FILEVINE_-_Creating_Taskflow_and_Updating_Excel_Sp_6683f2e33bcb/screenshots

→ ADVANCED_-_Taskflow_b51b3fdadb87
  video: /Users/ricardo/Desktop/CPP Training - Video Quarantine/ADVANCED - Taskflow.mp4
  duration: 621s · interval: 15s · ~42 frames
  out: /Users/ricardo/Expedia Solutions/PraxiumLaw/training-archive/van-law-the case system/ADVANCED_-_Taskflow_b51b3fdadb87/screenshots

→ FIILEVINE_-_Cleaning_Feed_efbfff9561d4
  video: /Users/ricardo/Desktop/CPP Training - Video Quarantine/FIILEVINE - Cleaning Feed.mp4
  duration: 2277s · interval: 15s · ~152 frames
  out: /Users/ricardo/Expedia Solutions/PraxiumLaw/training-archive/van-law-the case system/FIILEVINE_-_Cleaning_Feed_efbfff9561d4/screenshots

→ FILEVINE_-_Case_Review_f8645f17f487
  video: /Users/ricardo/Desktop/CPP Training - Video Quarantine/FILEVINE - Case Review.mp4
  duration: 5686s · interval: 15s · ~380 frames
  out: /Users/ricardo/Expedia Solutions/PraxiumLaw/training-archive/van-law-the case system/FILEVINE_-_Case_Review_f8645f17f487/screenshots

→ FILEVINE_-_Cleaning_your_Feed_Quickly_7e4fb7edde6c
  video: /Users/ricardo/Desktop/CPP Training - Video Quarantine/FILEVINE - Cleaning your Feed Quickly.mp4
  duration: 731s · interval: 15s · ~49 frames
  out: /Users/ricardo/Expedia Solutions/PraxiumLaw/training-archive/van-law-the case system/FILEVINE_-_Cleaning_your_Feed_Quickly_7e4fb7edde6c/screenshots

→ FILEVINE_-_Feed_-_Going_through_feed_Part_2_ea73348b4c96
  video: /Users/ricardo/Desktop/CPP Training - Video Quarantine/FILEVINE - Feed - Going through feed Part 2.mp4
  duration: 369s · interval: 15s · ~25 frames
  out: /Users/ricardo/Expedia Solutions/PraxiumLaw/training-archive/van-law-the case system/FILEVINE_-_Feed_-_Going_through_feed_Part_2_ea73348b4c96/screenshots

→ FILEVINE_-_Feed_-_Going_through_feed_Part_3_5299154f2c64
  video: /Users/ricardo/Desktop/CPP Training - Video Quarantine/FILEVINE - Feed - Going through feed Part 3.mp4
  duration: 616s · interval: 15s · ~42 frames
  out: /Users/ricardo/Expedia Solutions/PraxiumLaw/training-archive/van-law-the case system/FILEVINE_-_Feed_-_Going_through_feed_Part_3_5299154f2c64/screenshots

→ FILEVINE_-_Task_-_Going_through_Task_Feed_Part_2_9aa87fea6bee
  video: /Users/ricardo/Desktop/CPP Training - Video Quarantine/FILEVINE - Task - Going through Task Feed Part 2.mp4
  duration: 749s · interval: 15s · ~50 frames
  out: /Users/ricardo/Expedia Solutions/PraxiumLaw/training-archive/van-law-the case system/FILEVINE_-_Task_-_Going_through_Task_Feed_Part_2_9aa87fea6bee/screenshots

→ STATUS_CHART_-_Record_Gathering_Counters_Supplements_Demands_dd71039be2b6
  video: /Users/ricardo/Desktop/CPP Training - Video Quarantine/STATUS CHART - Record Gathering Counters Supplements Demands and Minors Comp.mp4
  duration: 2879s · interval: 15s · ~192 frames
  out: /Users/ricardo/Expedia Solutions/PraxiumLaw/training-archive/van-law-the case system/STATUS_CHART_-_Record_Gathering_Counters_Supplements_Demands_dd71039be2b6/screenshots

→ STATUS_CHART_-_Settlement_Disbursement_Minor_s_Compromise_355103ce9f91
  video: /Users/ricardo/Desktop/CPP Training - Video Quarantine/STATUS CHART - Settlement Disbursement Minor_s Compromise.mp4
  duration: 2633s · interval: 15s · ~176 frames
  out: /Users/ricardo/Expedia Solutions/PraxiumLaw/training-archive/van-law-the case system/STATUS_CHART_-_Settlement_Disbursement_Minor_s_Compromise_355103ce9f91/screenshots

→ ADVANCED_-_Customs_Editor_Meds_Field_Tab_Adding_Fields_and_D_bc623d310756
  video: /Users/ricardo/Desktop/CPP Training - Video Quarantine/ADVANCED - Customs Editor Meds Field Tab Adding Fields and DocGen (SV).mp4
  duration: 1301s · interval: 15s · ~87 frames
  out: /Users/ricardo/Expedia Solutions/PraxiumLaw/training-archive/van-law-the case system/ADVANCED_-_Customs_Editor_Meds_Field_Tab_Adding_Fields_and_D_bc623d310756/screenshots

→ DISBURSEMENT_-_Tax_ID_Return_Receipt_DocGen_Scan_In_Red_Appr_38ad63e6437d
  video: /Users/ricardo/Desktop/CPP Training - Video Quarantine/DISBURSEMENT - Tax ID, Return Receipt, DocGen, Scan In, Red. Approval (SP).mp4
  duration: 826s · interval: 15s · ~56 frames
  out: /Users/ricardo/Expedia Solutions/PraxiumLaw/training-archive/van-law-the case system/DISBURSEMENT_-_Tax_ID_Return_Receipt_DocGen_Scan_In_Red_Appr_38ad63e6437d/screenshots

→ DOCGEN_-_Demand_Letter_b1e01f2498ec
  video: /Users/ricardo/Desktop/CPP Training - Video Quarantine/DOCGEN - Demand Letter.mp4
  duration: 726s · interval: 15s · ~49 frames
  out: /Users/ricardo/Expedia Solutions/PraxiumLaw/training-archive/van-law-the case system/DOCGEN_-_Demand_Letter_b1e01f2498ec/screenshots

→ DOCGEN_-_Drop_Letter_to_3rd_Party_Insurance_b8ad45e1cc1c
  video: /Users/ricardo/Desktop/CPP Training - Video Quarantine/DOCGEN - Drop Letter to 3rd Party Insurance.mp4
  duration: 483s · interval: 15s · ~33 frames
  out: /Users/ricardo/Expedia Solutions/PraxiumLaw/training-archive/van-law-the case system/DOCGEN_-_Drop_Letter_to_3rd_Party_Insurance_b8ad45e1cc1c/screenshots

→ DOCGEN_-_Drop_Letter_to_Lien_Holders_2913510d0f40
  video: /Users/ricardo/Desktop/CPP Training - Video Quarantine/DOCGEN - Drop Letter to Lien Holders.mp4
  duration: 422s · interval: 15s · ~29 frames
  out: /Users/ricardo/Expedia Solutions/PraxiumLaw/training-archive/van-law-the case system/DOCGEN_-_Drop_Letter_to_Lien_Holders_2913510d0f40/screenshots

→ DOCGEN_-_How_To_Create_Letters_2_ebd8d59c9937
  video: /Users/ricardo/Desktop/CPP Training - Video Quarantine/DOCGEN - How To Create Letters 2.mp4
  duration: 651s · interval: 15s · ~44 frames
  out: /Users/ricardo/Expedia Solutions/PraxiumLaw/training-archive/van-law-the case system/DOCGEN_-_How_To_Create_Letters_2_ebd8d59c9937/screenshots

→ DOCGEN_-_How_to_Create_Letters_c2fcd7db459a
  video: /Users/ricardo/Desktop/CPP Training - Video Quarantine/DOCGEN - How to Create Letters.mp4
  duration: 328s · interval: 15s · ~22 frames
  out: /Users/ricardo/Expedia Solutions/PraxiumLaw/training-archive/van-law-the case system/DOCGEN_-_How_to_Create_Letters_c2fcd7db459a/screenshots

→ DOCGEN_-_Medical_LOR_to_Copy_Co_21b482ee5649
  video: /Users/ricardo/Desktop/CPP Training - Video Quarantine/DOCGEN - Medical LOR to Copy Co.mp4
  duration: 804s · interval: 15s · ~54 frames
  out: /Users/ricardo/Expedia Solutions/PraxiumLaw/training-archive/van-law-the case system/DOCGEN_-_Medical_LOR_to_Copy_Co_21b482ee5649/screenshots

→ DOCGEN_-_Revising_Docgen_Documents_b68f23a01df5
  video: /Users/ricardo/Desktop/CPP Training - Video Quarantine/DOCGEN - Revising Docgen Documents.mp4
  duration: 467s · interval: 15s · ~32 frames
  out: /Users/ricardo/Expedia Solutions/PraxiumLaw/training-archive/van-law-the case system/DOCGEN_-_Revising_Docgen_Documents_b68f23a01df5/screenshots

→ DOCGEN-_MED_PAY_to_1st_party_48968accca97
  video: /Users/ricardo/Desktop/CPP Training - Video Quarantine/DOCGEN- MED PAY to 1st party.mp4
  duration: 550s · interval: 15s · ~37 frames
  out: /Users/ricardo/Expedia Solutions/PraxiumLaw/training-archive/van-law-the case system/DOCGEN-_MED_PAY_to_1st_party_48968accca97/screenshots

→ How_to_Docgen_Intake_Sheets_f432ec0d62a5
  video: /Users/ricardo/Desktop/CPP Training - Video Quarantine/How to Docgen Intake Sheets.MP4
  duration: 2290s · interval: 15s · ~153 frames
  out: /Users/ricardo/Expedia Solutions/PraxiumLaw/training-archive/van-law-the case system/How_to_Docgen_Intake_Sheets_f432ec0d62a5/screenshots

→ TASK_-_Getting_Police_Report_Calling_and_DocGen_Ltr_bfbb99ae10f1
  video: /Users/ricardo/Desktop/CPP Training - Video Quarantine/TASK - Getting Police Report Calling and DocGen Ltr.mp4
  duration: 533s · interval: 15s · ~36 frames
  out: /Users/ricardo/Expedia Solutions/PraxiumLaw/training-archive/van-law-the case system/TASK_-_Getting_Police_Report_Calling_and_DocGen_Ltr_bfbb99ae10f1/screenshots

→ FILEVINE_-_Hospital_Bills_and_Records_Treatment_Tracker_314c4afc9780
  video: /Users/ricardo/Desktop/CPP Training - Video Quarantine/FILEVINE - Hospital Bills and Records Treatment Tracker.mp4
  duration: 2641s · interval: 15s · ~177 frames
  out: /Users/ricardo/Expedia Solutions/PraxiumLaw/training-archive/van-law-the case system/FILEVINE_-_Hospital_Bills_and_Records_Treatment_Tracker_314c4afc9780/screenshots

→ FILEVINE_-_Task_-_Intake_Med_Provider_30_Day_Insurance_0fd3fa87b6b9
  video: /Users/ricardo/Desktop/CPP Training - Video Quarantine/FILEVINE - Task - Intake, Med Provider, 30 Day, Insurance.mp4
  duration: 278s · interval: 15s · ~19 frames
  out: /Users/ricardo/Expedia Solutions/PraxiumLaw/training-archive/van-law-the case system/FILEVINE_-_Task_-_Intake_Med_Provider_30_Day_Insurance_0fd3fa87b6b9/screenshots

→ FILEVINE_-_Task_-_Police_Report_Request_dc93fda09552
  video: /Users/ricardo/Desktop/CPP Training - Video Quarantine/FILEVINE - Task - Police Report Request.mp4
  duration: 222s · interval: 15s · ~15 frames
  out: /Users/ricardo/Expedia Solutions/PraxiumLaw/training-archive/van-law-the case system/FILEVINE_-_Task_-_Police_Report_Request_dc93fda09552/screenshots

→ FILEVINE_-_Task_-_Police_Report_Tasks_Part_1_d35176b2bcbc
  video: /Users/ricardo/Desktop/CPP Training - Video Quarantine/FILEVINE - Task - Police Report Tasks Part 1.mp4
  duration: 412s · interval: 15s · ~28 frames
  out: /Users/ricardo/Expedia Solutions/PraxiumLaw/training-archive/van-law-the case system/FILEVINE_-_Task_-_Police_Report_Tasks_Part_1_d35176b2bcbc/screenshots

→ FILEVINE_-_Task_-_Reviewing_MRIS_dcff88123da2
  video: /Users/ricardo/Desktop/CPP Training - Video Quarantine/FILEVINE - Task - Reviewing MRIS.mp4
  duration: 248s · interval: 15s · ~17 frames
  out: /Users/ricardo/Expedia Solutions/PraxiumLaw/training-archive/van-law-the case system/FILEVINE_-_Task_-_Reviewing_MRIS_dcff88123da2/screenshots

→ FILEVINE_TASK_-_5_Yrs_of_Med_Treatment_if_priors_no_index_in_a0fa97c5b2ed
  video: /Users/ricardo/Desktop/CPP Training - Video Quarantine/FILEVINE TASK - 5 Yrs of Med Treatment if priors no index info.mp4
  duration: 568s · interval: 15s · ~38 frames
  out: /Users/ricardo/Expedia Solutions/PraxiumLaw/training-archive/van-law-the case system/FILEVINE_TASK_-_5_Yrs_of_Med_Treatment_if_priors_no_index_in_a0fa97c5b2ed/screenshots

→ FILEVINE_TASK_-_Intake_Treatment_Insurance_Auto_Tab_task_Par_408fb5533689
  video: /Users/ricardo/Desktop/CPP Training - Video Quarantine/FILEVINE TASK - Intake, Treatment, Insurance Auto Tab task Part 2.mp4
  duration: 189s · interval: 15s · ~13 frames
  out: /Users/ricardo/Expedia Solutions/PraxiumLaw/training-archive/van-law-the case system/FILEVINE_TASK_-_Intake_Treatment_Insurance_Auto_Tab_task_Par_408fb5533689/screenshots

→ FILEVINE_TASK_-_Med_Pay_and_Insurance_Declaration_bf6e2956fc7d
  video: /Users/ricardo/Desktop/CPP Training - Video Quarantine/FILEVINE TASK - Med Pay and Insurance Declaration.mp4
  duration: 1635s · interval: 15s · ~109 frames
  out: /Users/ricardo/Expedia Solutions/PraxiumLaw/training-archive/van-law-the case system/FILEVINE_TASK_-_Med_Pay_and_Insurance_Declaration_bf6e2956fc7d/screenshots

→ MEDS_TAB_-_Creating_Contacts_and_Saving_Medical_Bills_f119f77adbea
  video: /Users/ricardo/Desktop/CPP Training - Video Quarantine/MEDS TAB - Creating Contacts and Saving Medical Bills.mp4
  duration: 330s · interval: 15s · ~23 frames
  out: /Users/ricardo/Expedia Solutions/PraxiumLaw/training-archive/van-law-the case system/MEDS_TAB_-_Creating_Contacts_and_Saving_Medical_Bills_f119f77adbea/screenshots

→ MEDS_TAB_-_Update_the_Meds_Tab_4eb75200b51d
  video: /Users/ricardo/Desktop/CPP Training - Video Quarantine/MEDS TAB - Update the Meds Tab.mp4
  duration: 101s · interval: 15s · ~7 frames
  out: /Users/ricardo/Expedia Solutions/PraxiumLaw/training-archive/van-law-the case system/MEDS_TAB_-_Update_the_Meds_Tab_4eb75200b51d/screenshots

→ 2017_10_6_DEMAND_-_Prep_and_Draft_a_Demand_Letter_Jamille_Wa_bac8b9d0227a
  video: /Users/ricardo/Desktop/CPP Training - Video Quarantine/2017.10.6 DEMAND - Prep and Draft a Demand Letter Jamille Walton.mp4
  duration: 1770s · interval: 15s · ~119 frames
  out: /Users/ricardo/Expedia Solutions/PraxiumLaw/training-archive/van-law-the case system/2017_10_6_DEMAND_-_Prep_and_Draft_a_Demand_Letter_Jamille_Wa_bac8b9d0227a/screenshots

→ 2017_10_6_DEMAND_-_Prep_and_Draft_a_Demand_Letter_4a9319319ddb
  video: /Users/ricardo/Desktop/CPP Training - Video Quarantine/2017.10.6 DEMAND - Prep and Draft a Demand Letter.mp4
  duration: 1992s · interval: 15s · ~133 frames
  out: /Users/ricardo/Expedia Solutions/PraxiumLaw/training-archive/van-law-the case system/2017_10_6_DEMAND_-_Prep_and_Draft_a_Demand_Letter_4a9319319ddb/screenshots

→ 2017_3_29_CLAIMS-_1st_Party_LOR_f797872ca06b
  video: /Users/ricardo/Desktop/CPP Training - Video Quarantine/2017.3.29 CLAIMS- 1st Party LOR.mp4
  duration: 353s · interval: 15s · ~24 frames
  out: /Users/ricardo/Expedia Solutions/PraxiumLaw/training-archive/van-law-the case system/2017_3_29_CLAIMS-_1st_Party_LOR_f797872ca06b/screenshots

→ 2017_7_5_DEMAND_-_How_to_draft_3P_Demand_6f7289baa3ed
  video: /Users/ricardo/Desktop/CPP Training - Video Quarantine/2017.7.5 DEMAND - How to draft 3P Demand.mp4
  duration: 1632s · interval: 15s · ~109 frames
  out: /Users/ricardo/Expedia Solutions/PraxiumLaw/training-archive/van-law-the case system/2017_7_5_DEMAND_-_How_to_draft_3P_Demand_6f7289baa3ed/screenshots

→ ADVANCED_-_Customs_Editor_INS_Tab_3P_LOR_SV__ec9f33bf3542
  video: /Users/ricardo/Desktop/CPP Training - Video Quarantine/ADVANCED - Customs Editor INS Tab 3P LOR (SV).mp4
  duration: 319s · interval: 15s · ~22 frames
  out: /Users/ricardo/Expedia Solutions/PraxiumLaw/training-archive/van-law-the case system/ADVANCED_-_Customs_Editor_INS_Tab_3P_LOR_SV__ec9f33bf3542/screenshots

→ CLAIMS_-_1st_Party_LOR_-_Property_Damage_Claim_Only_3dfdf9b85e35
  video: /Users/ricardo/Desktop/CPP Training - Video Quarantine/CLAIMS - 1st Party LOR - Property Damage Claim Only.mp4
  duration: 1943s · interval: 15s · ~130 frames
  out: /Users/ricardo/Expedia Solutions/PraxiumLaw/training-archive/van-law-the case system/CLAIMS_-_1st_Party_LOR_-_Property_Damage_Claim_Only_3dfdf9b85e35/screenshots

→ CLAIMS_-_3rd_PARTY_-_Open_a_claim_and_start_a_case_2_1b4d68419e57
  video: /Users/ricardo/Desktop/CPP Training - Video Quarantine/CLAIMS - 3rd PARTY - Open a claim and start a case 2.mp4
  duration: 465s · interval: 15s · ~31 frames
  out: /Users/ricardo/Expedia Solutions/PraxiumLaw/training-archive/van-law-the case system/CLAIMS_-_3rd_PARTY_-_Open_a_claim_and_start_a_case_2_1b4d68419e57/screenshots

→ CLAIMS_-_3rd_Party_Letter_of_Rep_73ecb24e48e8
  video: /Users/ricardo/Desktop/CPP Training - Video Quarantine/CLAIMS - 3rd Party Letter of Rep.mp4
  duration: 606s · interval: 15s · ~41 frames
  out: /Users/ricardo/Expedia Solutions/PraxiumLaw/training-archive/van-law-the case system/CLAIMS_-_3rd_Party_Letter_of_Rep_73ecb24e48e8/screenshots

→ CLAIMS_-_Opening_up_a_claim_880439a4d102
  video: /Users/ricardo/Desktop/CPP Training - Video Quarantine/CLAIMS - Opening up a claim.mp4
  duration: 379s · interval: 15s · ~26 frames
  out: /Users/ricardo/Expedia Solutions/PraxiumLaw/training-archive/van-law-the case system/CLAIMS_-_Opening_up_a_claim_880439a4d102/screenshots

→ DEMAND_-_How_to_gather_records_for_a_demand_02eb2609d5f7
  video: /Users/ricardo/Desktop/CPP Training - Video Quarantine/DEMAND - How to gather records for a demand.mp4
  duration: 3243s · interval: 15s · ~217 frames
  out: /Users/ricardo/Expedia Solutions/PraxiumLaw/training-archive/van-law-the case system/DEMAND_-_How_to_gather_records_for_a_demand_02eb2609d5f7/screenshots

→ DEMAND_PREP_-_Gathering_Med_Recs_Bills_and_FE_c11e04e5a055
  video: /Users/ricardo/Desktop/CPP Training - Video Quarantine/DEMAND PREP - Gathering Med Recs Bills and FE.mp4
  duration: 714s · interval: 15s · ~48 frames
  out: /Users/ricardo/Expedia Solutions/PraxiumLaw/training-archive/van-law-the case system/DEMAND_PREP_-_Gathering_Med_Recs_Bills_and_FE_c11e04e5a055/screenshots

→ DEMAND_PREP_-_Part_1_591a23b35b1a
  video: /Users/ricardo/Desktop/CPP Training - Video Quarantine/DEMAND PREP - Part 1.mp4
  duration: 2406s · interval: 15s · ~161 frames
  out: /Users/ricardo/Expedia Solutions/PraxiumLaw/training-archive/van-law-the case system/DEMAND_PREP_-_Part_1_591a23b35b1a/screenshots

→ INS_-_Opening_a_3P_Claim_2_62b6f05541b9
  video: /Users/ricardo/Desktop/CPP Training - Video Quarantine/INS - Opening a 3P Claim 2.mp4
  duration: 770s · interval: 15s · ~52 frames
  out: /Users/ricardo/Expedia Solutions/PraxiumLaw/training-archive/van-law-the case system/INS_-_Opening_a_3P_Claim_2_62b6f05541b9/screenshots

→ INS_-_Opening_a_3P_Claim_0e2e15673771
  video: /Users/ricardo/Desktop/CPP Training - Video Quarantine/INS - Opening a 3P Claim.mp4
  duration: 1503s · interval: 15s · ~101 frames
  out: /Users/ricardo/Expedia Solutions/PraxiumLaw/training-archive/van-law-the case system/INS_-_Opening_a_3P_Claim_0e2e15673771/screenshots

→ SUBROGATION_-_Google_doc_LOR_draft_subro_explanation_SP__46e2a4aa9bec
  video: /Users/ricardo/Desktop/CPP Training - Video Quarantine/SUBROGATION - Google doc, LOR draft, subro explanation (SP).mp4
  duration: 1395s · interval: 15s · ~94 frames
  out: /Users/ricardo/Expedia Solutions/PraxiumLaw/training-archive/van-law-the case system/SUBROGATION_-_Google_doc_LOR_draft_subro_explanation_SP__46e2a4aa9bec/screenshots

→ SUBROGATION_LIEN_-_Rolando_Clores_293c62ff34d1
  video: /Users/ricardo/Desktop/CPP Training - Video Quarantine/SUBROGATION LIEN - Rolando Clores.mp4
  duration: 2205s · interval: 15s · ~148 frames
  out: /Users/ricardo/Expedia Solutions/PraxiumLaw/training-archive/van-law-the case system/SUBROGATION_LIEN_-_Rolando_Clores_293c62ff34d1/screenshots

Done — extracted 48 video(s), skipped 0, total queued 48.
